venv\Scripts\python : 
2026-04-05 13:47:05  INFO 
     voicehire.main ù \u25
01\u2501\u2501\u2501\u2501
\u2501\u2501\u2501\u2501\u
2501\u2501\u2501\u2501\u25
01\u2501\u2501\u2501\u2501
\u2501\u2501\u2501\u2501\u
2501\u2501\u2501\u2501\u25
01\u2501\u2501\u2501\u2501
\u2501\u2501\u2501\u2501\u
2501\u2501\u2501\u2501\u25
01\u2501\u2501\u2501\u2501
At line:1 char:1
+ venv\Scripts\python 
test_workflow.py > 
test_output.log 2>&1
+ ~~~~~~~~~~~~~~~~~~~~~~~~
~~~~~~~~~~~~~~~~~~~~~~~~~~
~~~~~~~~~
    + CategoryInfo        
      : NotSpecified: (2  
  026-04-05 13:4...501\   
 u2501\u2501:String) [    
], RemoteException
    + FullyQualifiedError 
   Id : NativeCommandErr  
  or
 
2026-04-05 13:47:05  INFO 
     voicehire.main ù   
VoiceHire API starting 
up...
2026-04-05 13:47:05  INFO 
     voicehire.main ù   
Environment : development
2026-04-05 13:47:05  INFO 
     voicehire.main ù   
DB host     : postgres-vh.
postgres.database.azure.co
m:5432/voicehire?ssl=requi
re
2026-04-05 13:47:05  INFO 
     voicehire.main ù \u25
01\u2501\u2501\u2501\u2501
\u2501\u2501\u2501\u2501\u
2501\u2501\u2501\u2501\u25
01\u2501\u2501\u2501\u2501
\u2501\u2501\u2501\u2501\u
2501\u2501\u2501\u2501\u25
01\u2501\u2501\u2501\u2501
\u2501\u2501\u2501\u2501\u
2501\u2501\u2501\u2501\u25
01\u2501\u2501\u2501\u2501
2026-04-05 13:47:07  INFO 
     voicehire.main ù 
\u2713 PostgreSQL 
connection verified
2026-04-05 13:47:09  INFO 
     voicehire.main ù 
\u2713 Tables verified / 
created:
2026-04-05 13:47:09  INFO 
     voicehire.main ù     
ò job_description
2026-04-05 13:47:09  INFO 
     voicehire.main ù     
ò resume
2026-04-05 13:47:09  INFO 
     voicehire.main ù     
ò interview
2026-04-05 13:47:09  INFO 
     voicehire.main ù     
ò answer
2026-04-05 13:47:09  INFO 
     voicehire.main ù     
ò final_report
2026-04-05 13:47:09  INFO 
     voicehire.main ù \u25
01\u2501\u2501\u2501\u2501
\u2501\u2501\u2501\u2501\u
2501\u2501\u2501\u2501\u25
01\u2501\u2501\u2501\u2501
\u2501\u2501\u2501\u2501\u
2501\u2501\u2501\u2501\u25
01\u2501\u2501\u2501\u2501
\u2501\u2501\u2501\u2501\u
2501\u2501\u2501\u2501\u25
01\u2501\u2501\u2501\u2501
2026-04-05 13:47:09  INFO 
     voicehire.main ù   
VoiceHire API ready on 
http://0.0.0.0:8000
2026-04-05 13:47:09  INFO 
     voicehire.main ù \u25
01\u2501\u2501\u2501\u2501
\u2501\u2501\u2501\u2501\u
2501\u2501\u2501\u2501\u25
01\u2501\u2501\u2501\u2501
\u2501\u2501\u2501\u2501\u
2501\u2501\u2501\u2501\u25
01\u2501\u2501\u2501\u2501
\u2501\u2501\u2501\u2501\u
2501\u2501\u2501\u2501\u25
01\u2501\u2501\u2501\u2501
2026-04-05 13:47:09  INFO 
     httpx ù HTTP 
Request: POST http://tests
erver/job-descriptions/upl
oad "HTTP/1.1 415 
Unsupported Media Type"
2026-04-05 13:47:09  INFO 
     voicehire.main ù 
VoiceHire API shutting 
down...
2026-04-05 13:47:09  INFO 
     voicehire.main ù 
\u2713 Database engine 
disposed. Goodbye.
Initializing test client...

[STEP 1] FastAPI Lifespan triggered successfully!

[STEP 2] Uploading dummy text Job Description...
FAILED JD Upload. Status: 415, Detail: {"detail":"Unsupported file type 'text/plain'. Only PDF and DOCX files are accepted."}
